// Jest Snapshot v1, https://goo.gl/fbAQLP

exports[`App it should render the App component 1`] = `ShallowWrapper {}`;
